capability:Contoso.Hosting.Widgets/addWidget	supported	AddWidgetAsync	AddWidgetAsync(name string, options ...*AddWidgetAsyncOptions) WidgetResource	type AddWidgetAsyncOptions struct {\n\tPort *float64 `json:"port,omitempty"`\n\tOnReady func(resource WidgetResource) `json:"-"`\n\tCancellationToken *CancellationToken `json:"-"`\n}\n\nAddWidgetAsync(name string, options ...*AddWidgetAsyncOptions) WidgetResource	name:string:required:-,options:...*AddWidgetAsyncOptions:optional:-	WidgetResource:deferred				
capability:Contoso.Hosting.Widgets/chooseTarget	supported	ChooseTarget	ChooseTarget(target any) error	ChooseTarget(target any) error	target:any:required:-	error:result				Union inputs are projected as any and validated at runtime.
capability:Contoso.Hosting.Widgets/complexCallback	supported	RegisterComplexCallback	RegisterComplexCallback(callback func(one string, two float64, three bool, four string, five string) bool) error	RegisterComplexCallback(callback func(one string, two float64, three bool, four string, five string) bool) error	callback:func(one string, two float64, three bool, four string, five string) bool:required:-	error:result				
capability:Contoso.Hosting.Widgets/configureCount	supported	Configure	Configure(options ...*ConfigureOptions) error	type ConfigureOptions struct {\n\tCount *float64 `json:"count,omitempty"`\n\tMode *WidgetMode `json:"mode,omitempty"`\n}\n\nConfigure(options ...*ConfigureOptions) error	options:...*ConfigureOptions:optional:-	error:result				
capability:Contoso.Hosting.Widgets/configureText	supported	Configure	Configure(options ...*WidgetResourceConfigureOptions) error	type WidgetResourceConfigureOptions struct {\n\tText *string `json:"text,omitempty"`\n\tEnabled *bool `json:"enabled,omitempty"`\n}\n\nConfigure(options ...*WidgetResourceConfigureOptions) error	options:...*WidgetResourceConfigureOptions:optional:-	error:result				
capability:Contoso.Hosting.Widgets/getLabels	supported	Labels	Labels() (map[string]string, error)	Labels() (map[string]string, error)		(map[string]string, error):result				
capability:Contoso.Hosting.Widgets/legacyCallback	unsupported									Callback defaults cannot be represented faithfully.
capability:Contoso.Hosting.Widgets/withSettings	supported	WithSettings	WithSettings(options ...*WidgetOptions) WidgetResource	WithSettings(options ...*WidgetOptions) WidgetResource	options:...*WidgetOptions:optional:-	WidgetResource:deferred				
handle:Contoso.IWidgetBuilder	supported	WidgetBuilder		type WidgetBuilder interface {\n\tErr() error\n}						Fluent failures use first-error-wins deferred Err().
handle:Contoso.WidgetResource	supported	WidgetResource		type WidgetResource interface {\n\tWidgetBuilder\n\tErr() error\n}						Fluent failures use first-error-wins deferred Err().
dto:Contoso.WidgetOptions	supported	WidgetOptions		type WidgetOptions struct {\n\tName string `json:"Name,omitempty"`\n\tEnabled *bool `json:"Enabled,omitempty"`\n\tMaybe *string `json:"Maybe,omitempty"`\n\tTags []string `json:"Tags,omitempty"`\n\tLabels map[string]string `json:"Labels,omitempty"`\n\tTarget any `json:"Target,omitempty"`\n\tPrepare func(name string) `json:"Prepare,omitempty"`\n}			Name:string:required,Enabled:*bool:optional,Maybe:*string:optional,Tags:[]string:optional,Labels:map[string]string:optional,Target:any:optional,Prepare:func(name string):optional			
enum:Contoso.WidgetMode	supported	WidgetMode		type WidgetMode string\n\nconst (\n\tWidgetModeFast WidgetMode = "Fast"\n\tWidgetModeSafeMode WidgetMode = "SafeMode"\n)				WidgetModeFast=Fast,WidgetModeSafeMode=SafeMode		
exportedValue:WidgetDefaults.Mode	supported	WidgetDefaults.Mode		var WidgetDefaults = struct { Mode WidgetMode }{ Mode: WidgetMode("Fast") }		WidgetMode:none			WidgetMode("Fast")	
exportedValue:WidgetDefaults.Options	supported	WidgetDefaults.Options		var WidgetDefaults = struct { Options *WidgetOptions }{ Options: &WidgetOptions{Name: "default", Enabled: true, Maybe: nil, Tags: []string{"one", "two"}, Labels: map[string]string{"tier": "test"}} }		*WidgetOptions:none			&WidgetOptions{Name: "default", Enabled: true, Maybe: nil, Tags: []string{"one", "two"}, Labels: map[string]string{"tier": "test"}}	
