capability:Contoso.Hosting.Widgets/addWidget	supported	addWidgetAsync	public WidgetResource addWidgetAsync(String name, AddWidgetAsyncOptions options)	final class AddWidgetAsyncOptions {\n    private Number port;\n    private AspireAction1<WidgetResource> onReady;\n    private CancellationToken cancellationToken;\n}\n\npublic WidgetResource addWidgetAsync(String name, AddWidgetAsyncOptions options) { ... }\n\npublic WidgetResource addWidgetAsync(String name) { ... }	name:String:required:-,options:AddWidgetAsyncOptions:optional:-	WidgetResource:exception				
capability:Contoso.Hosting.Widgets/chooseTarget	supported	chooseTarget	public void chooseTarget(AspireUnion target)	public void chooseTarget(AspireUnion target) { ... }\n\npublic void chooseTarget(String target) { ... }\n\npublic void chooseTarget(WidgetResource target) { ... }	target:AspireUnion:required:-	void:exception				Union inputs use AspireUnion plus generated concrete overloads.
capability:Contoso.Hosting.Widgets/complexCallback	supported	registerComplexCallback	public void registerComplexCallback(Function<Object[], Object> callback)	public void registerComplexCallback(Function<Object[], Object> callback) { ... }	callback:Function<Object[], Object>:required:-	void:exception				Callbacks with more than four parameters use Function<Object[], Object>.
capability:Contoso.Hosting.Widgets/configureCount	supported	configure	public void configure(ConfigureOptions options)	final class ConfigureOptions {\n    private Number count;\n    private WidgetMode mode;\n}\n\npublic void configure(ConfigureOptions options) { ... }\n\npublic void configure() { ... }	options:ConfigureOptions:optional:-	void:exception				
capability:Contoso.Hosting.Widgets/configureText	supported	configure	public void configure(Configure1Options options)	final class Configure1Options {\n    private String text;\n    private Boolean enabled;\n}\n\npublic void configure(Configure1Options options) { ... }\n\npublic void configure() { ... }	options:Configure1Options:optional:-	void:exception				
capability:Contoso.Hosting.Widgets/getLabels	supported	labels	public Map<String, String> labels()	public Map<String, String> labels() { ... }		Map<String, String>:exception				
capability:Contoso.Hosting.Widgets/legacyCallback	unsupported									Callback defaults cannot be represented faithfully.
capability:Contoso.Hosting.Widgets/withSettings	supported	withSettings	public WidgetResource withSettings(WidgetOptions options)	public WidgetResource withSettings(WidgetOptions options) { ... }\n\npublic WidgetResource withSettings() { ... }	options:WidgetOptions:optional:-	WidgetResource:exception				
handle:Contoso.IWidgetBuilder	supported	IWidgetBuilder		final class IWidgetBuilder extends Handle { }						
handle:Contoso.WidgetResource	supported	WidgetResource		final class WidgetResource extends Handle { }						
dto:Contoso.WidgetOptions	supported	WidgetOptions		class WidgetOptions implements JsonSerializable {\n    private String name;\n    private Boolean enabled;\n    private String maybe;\n    private String[] tags;\n    private Map<String, String> labels;\n    private AspireUnion target;\n    private AspireAction1<String> prepare;\n}			name:String:required,enabled:Boolean:optional,maybe:String:optional,tags:String[]:optional,labels:Map<String, String>:optional,target:AspireUnion:optional,prepare:AspireAction1<String>:optional			
enum:Contoso.WidgetMode	supported	WidgetMode		enum WidgetMode implements WireValueEnum {\n    FAST("Fast"),\n    SAFE_MODE("SafeMode");\n}				FAST=Fast,SAFE_MODE=SafeMode		
exportedValue:WidgetDefaults.Mode	supported	WidgetDefaults.Mode		final class WidgetDefaults { public static final WidgetMode Mode = WidgetMode.fromValue("Fast"); }		WidgetMode:none			WidgetMode.fromValue("Fast")	
exportedValue:WidgetDefaults.Options	supported	WidgetDefaults.Options		final class WidgetDefaults { public static final WidgetOptions Options = new WidgetOptions() {{ setName("default"); setEnabled(true); setMaybe(null); setTags(new String[] { "one", "two" }); setLabels(new HashMap<>(Map.ofEntries(Map.entry("tier", "test")))); }}; }		WidgetOptions:none			new WidgetOptions() {{ setName("default"); setEnabled(true); setMaybe(null); setTags(new String[] { "one", "two" }); setLabels(new HashMap<>(Map.ofEntries(Map.entry("tier", "test")))); }}	
