capability:Contoso.Hosting.Widgets/addWidget	supported	add_widget	def add_widget(self, name: str, *, port: int = 8080, on_ready: typing.Callable[[WidgetResource], None] | None = None, timeout: int | None = None) -> WidgetResource	def add_widget(self, name: str, *, port: int = 8080, on_ready: typing.Callable[[WidgetResource], None] | None = None, timeout: int | None = None) -> WidgetResource: ...	name:str:required:-,port:int:optional:8080,on_ready:typing.Callable[[WidgetResource], None] | None:optional:None,timeout:int | None:optional:None	WidgetResource:exception				
capability:Contoso.Hosting.Widgets/chooseTarget	supported	choose_target	def choose_target(self, target: str | WidgetResource) -> None	def choose_target(self, target: str | WidgetResource) -> None: ...	target:str | WidgetResource:required:-	None:exception				
capability:Contoso.Hosting.Widgets/complexCallback	supported	register_complex_callback	def register_complex_callback(self, callback: typing.Callable[[str, int, bool, str, str], bool]) -> None	def register_complex_callback(self, callback: typing.Callable[[str, int, bool, str, str], bool]) -> None: ...	callback:typing.Callable[[str, int, bool, str, str], bool]:required:-	None:exception				
capability:Contoso.Hosting.Widgets/configureCount	supported	configure	def configure(self, *, count: int | None = None, mode: WidgetMode | None = None) -> None	def configure(self, *, count: int | None = None, mode: WidgetMode | None = None) -> None: ...	count:int | None:optional:None,mode:WidgetMode | None:optional:None	None:exception				
capability:Contoso.Hosting.Widgets/configureText	supported	configure	def configure(self, *, text: str | None = None, enabled: bool = True) -> None	def configure(self, *, text: str | None = None, enabled: bool = True) -> None: ...	text:str | None:optional:None,enabled:bool:optional:True	None:exception				
capability:Contoso.Hosting.Widgets/getLabels	supported	labels	def labels(self) -> typing.Mapping[str, str]	def labels(self) -> typing.Mapping[str, str]: ...		typing.Mapping[str, str]:exception				
capability:Contoso.Hosting.Widgets/legacyCallback	unsupported									Callback defaults cannot be represented faithfully.
capability:Contoso.Hosting.Widgets/withSettings	supported	with_settings	def with_settings(self, *, options: WidgetOptions | None = None) -> WidgetResource	def with_settings(self, *, options: WidgetOptions | None = None) -> WidgetResource: ...	options:WidgetOptions | None:optional:None	WidgetResource:exception				
handle:Contoso.IWidgetBuilder	supported	IWidgetBuilder		class IWidgetBuilder(Handle): ...						
handle:Contoso.WidgetResource	supported	WidgetResource		class WidgetResource(Handle): ...						
dto:Contoso.WidgetOptions	supported	WidgetOptions		class WidgetOptions(typing.TypedDict, total=False):\n    Name: str\n    Enabled: bool\n    Maybe: str | None\n    Tags: typing.Iterable[str]\n    Labels: typing.Mapping[str, str]\n    Target: str | WidgetResource\n    Prepare: typing.Callable[[str], None]			Name:str:optional,Enabled:bool:optional,Maybe:str | None:optional,Tags:typing.Iterable[str]:optional,Labels:typing.Mapping[str, str]:optional,Target:str | WidgetResource:optional,Prepare:typing.Callable[[str], None]:optional			
enum:Contoso.WidgetMode	supported	WidgetMode		WidgetMode = typing.Literal["Fast", "SafeMode"]				Fast=Fast,SafeMode=SafeMode		
exportedValue:WidgetDefaults.Mode	supported	Mode		WidgetDefaults.Mode = "Fast"		WidgetMode:none			"Fast"	
exportedValue:WidgetDefaults.Options	supported	Options		WidgetDefaults.Options = {"Name": "default", "Enabled": True, "Maybe": None, "Tags": ["one", "two"], "Labels": {"tier": "test"}}		WidgetOptions:none			{"Name": "default", "Enabled": True, "Maybe": None, "Tags": ["one", "two"], "Labels": {"tier": "test"}}	
