capability:Contoso.Hosting.Widgets/addWidget	supported	add_widget_async	pub fn add_widget_async(&self, name: &str, port: Option<f64>, on_ready: impl Fn(Vec<Value>) -> Value + Send + Sync + 'static, cancellation_token: Option<&CancellationToken>) -> Result<WidgetResource, Box<dyn std::error::Error>>	pub fn add_widget_async(&self, name: &str, port: Option<f64>, on_ready: impl Fn(Vec<Value>) -> Value + Send + Sync + 'static, cancellation_token: Option<&CancellationToken>) -> Result<WidgetResource, Box<dyn std::error::Error>> { ... }	name:&str:required:-,port:Option<f64>:optional:None,on_ready:impl Fn(Vec<Value>) -> Value + Send + Sync + 'static:optional:None,cancellation_token:Option<&CancellationToken>:optional:None	Result<WidgetResource, Box<dyn std::error::Error>>:result				
capability:Contoso.Hosting.Widgets/chooseTarget	supported	choose_target	pub fn choose_target(&self, target: Value) -> Result<(), Box<dyn std::error::Error>>	pub fn choose_target(&self, target: Value) -> Result<(), Box<dyn std::error::Error>> { ... }	target:Value:required:-	Result<(), Box<dyn std::error::Error>>:result				Union values are represented as serde_json::Value.
capability:Contoso.Hosting.Widgets/complexCallback	supported	register_complex_callback	pub fn register_complex_callback(&self, callback: impl Fn(Vec<Value>) -> Value + Send + Sync + 'static) -> Result<(), Box<dyn std::error::Error>>	pub fn register_complex_callback(&self, callback: impl Fn(Vec<Value>) -> Value + Send + Sync + 'static) -> Result<(), Box<dyn std::error::Error>> { ... }	callback:impl Fn(Vec<Value>) -> Value + Send + Sync + 'static:required:-	Result<(), Box<dyn std::error::Error>>:result				
capability:Contoso.Hosting.Widgets/configureCount	supported	configure	pub fn configure(&self, count: Option<f64>, mode: Option<WidgetMode>) -> Result<(), Box<dyn std::error::Error>>	pub fn configure(&self, count: Option<f64>, mode: Option<WidgetMode>) -> Result<(), Box<dyn std::error::Error>> { ... }	count:Option<f64>:optional:None,mode:Option<WidgetMode>:optional:None	Result<(), Box<dyn std::error::Error>>:result				
capability:Contoso.Hosting.Widgets/configureText	supported	configure	pub fn configure(&self, text: Option<&str>, enabled: Option<bool>) -> Result<(), Box<dyn std::error::Error>>	pub fn configure(&self, text: Option<&str>, enabled: Option<bool>) -> Result<(), Box<dyn std::error::Error>> { ... }	text:Option<&str>:optional:None,enabled:Option<bool>:optional:None	Result<(), Box<dyn std::error::Error>>:result				
capability:Contoso.Hosting.Widgets/getLabels	supported	labels	pub fn labels(&self) -> Result<HashMap<String, String>, Box<dyn std::error::Error>>	pub fn labels(&self) -> Result<HashMap<String, String>, Box<dyn std::error::Error>> { ... }		Result<HashMap<String, String>, Box<dyn std::error::Error>>:result				
capability:Contoso.Hosting.Widgets/legacyCallback	unsupported									Callback defaults cannot be represented faithfully.
capability:Contoso.Hosting.Widgets/withSettings	supported	with_settings	pub fn with_settings(&self, options: Option<WidgetOptions>) -> Result<WidgetResource, Box<dyn std::error::Error>>	pub fn with_settings(&self, options: Option<WidgetOptions>) -> Result<WidgetResource, Box<dyn std::error::Error>> { ... }	options:Option<WidgetOptions>:optional:None	Result<WidgetResource, Box<dyn std::error::Error>>:result				
handle:Contoso.IWidgetBuilder	supported	IWidgetBuilder		pub struct IWidgetBuilder { handle: Handle, client: Arc<AspireClient> }						
handle:Contoso.WidgetResource	supported	WidgetResource		pub struct WidgetResource { handle: Handle, client: Arc<AspireClient> }						
dto:Contoso.WidgetOptions	supported	WidgetOptions		#[derive(Debug, Clone, Serialize, Deserialize)]\npub struct WidgetOptions {\n    pub name: String,\n    pub enabled: Option<bool>,\n    pub maybe: Option<String>,\n    pub tags: Option<Vec<String>>,\n    pub labels: Option<HashMap<String, String>>,\n    pub target: Option<Value>,\n    pub prepare: Value,\n}			name:String:required,enabled:Option<bool>:optional,maybe:Option<String>:optional,tags:Option<Vec<String>>:optional,labels:Option<HashMap<String, String>>:optional,target:Option<Value>:optional,prepare:Value:optional			DTO callback fields are represented as serde_json::Value because closures are not serde-serializable.
enum:Contoso.WidgetMode	supported	WidgetMode		#[derive(Debug, Clone, Copy, Default, PartialEq, Eq, Serialize, Deserialize)]\npub enum WidgetMode {\n    #[default]\n    #[serde(rename = "Fast")]\n    Fast,\n    #[serde(rename = "SafeMode")]\n    SafeMode,\n}				Fast=Fast,SafeMode=SafeMode		
exportedValue:WidgetDefaults.Mode	supported	widget_defaults::mode		pub mod widget_defaults { pub fn mode() -> WidgetMode { serde_json::from_value(json!("Fast")).expect("generated exported value should deserialize") } }		WidgetMode:none			json!("Fast")	
exportedValue:WidgetDefaults.Options	supported	widget_defaults::options		pub mod widget_defaults { pub fn options() -> WidgetOptions { serde_json::from_value(json!({ "Name": "default", "Enabled": true, "Maybe": null, "Tags": ["one", "two"], "Labels": { "tier": "test" } })).expect("generated exported value should deserialize") } }		WidgetOptions:none			json!({ "Name": "default", "Enabled": true, "Maybe": null, "Tags": ["one", "two"], "Labels": { "tier": "test" } })	
