capability:Contoso.Hosting.Widgets/addWidget	supported	AddWidgetAsync	AddWidgetAsync(name: string, options?: AddWidgetAsyncOptions): Promise<WidgetResource>	export interface AddWidgetAsyncOptions {\n    port?: number;\n    onReady?: (resource: WidgetResource) => Promise<void>;\n    cancellationToken?: AbortSignal | CancellationToken;\n}\n\nAddWidgetAsync(name: string, options?: AddWidgetAsyncOptions): Promise<WidgetResource>	name:string:required:-,options:AddWidgetAsyncOptions:optional:-	Promise<WidgetResource>:exception				
capability:Contoso.Hosting.Widgets/chooseTarget	supported	ChooseTarget	ChooseTarget(target: string | Awaitable<WidgetResource>): Promise<void>	ChooseTarget(target: string | Awaitable<WidgetResource>): Promise<void>	target:string | Awaitable<WidgetResource>:required:-	Promise<void>:exception				
capability:Contoso.Hosting.Widgets/complexCallback	supported	RegisterComplexCallback	RegisterComplexCallback(callback: (one: string, two: number, three: boolean, four: string, five: string) => Promise<boolean>): Promise<void>	RegisterComplexCallback(callback: (one: string, two: number, three: boolean, four: string, five: string) => Promise<boolean>): Promise<void>	callback:(one: string, two: number, three: boolean, four: string, five: string) => Promise<boolean>:required:-	Promise<void>:exception				
capability:Contoso.Hosting.Widgets/configureCount	supported	Configure	Configure(options?: ConfigureOptions): Promise<void>	export interface ConfigureOptions {\n    count?: number;\n    mode?: WidgetMode;\n}\n\nConfigure(options?: ConfigureOptions): Promise<void>	options:ConfigureOptions:optional:-	Promise<void>:exception				
capability:Contoso.Hosting.Widgets/configureText	supported	Configure	Configure(options?: ConfigureTextOptions): Promise<void>	export interface ConfigureTextOptions {\n    text?: string;\n    enabled?: boolean;\n}\n\nConfigure(options?: ConfigureTextOptions): Promise<void>	options:ConfigureTextOptions:optional:-	Promise<void>:exception				
capability:Contoso.Hosting.Widgets/getLabels	supported	Labels	Labels(): Promise<Record<string, string>>	Labels(): Promise<Record<string, string>>		Promise<Record<string, string>>:exception				
capability:Contoso.Hosting.Widgets/legacyCallback	unsupported									Callback defaults cannot be represented faithfully.
capability:Contoso.Hosting.Widgets/withSettings	supported	WithSettings	WithSettings(options?: WidgetOptions): Promise<WidgetResource>	WithSettings(options?: WidgetOptions): Promise<WidgetResource>	options:WidgetOptions:optional:-	Promise<WidgetResource>:exception				
handle:Contoso.IWidgetBuilder	supported	IWidgetBuilder		export interface IWidgetBuilder { }						
handle:Contoso.WidgetResource	supported	WidgetResource		export interface WidgetResource extends HandleReference { }						
dto:Contoso.WidgetOptions	supported	WidgetOptions		export interface WidgetOptions {\n    name?: string;\n    enabled?: boolean;\n    maybe?: string | null;\n    tags?: string[];\n    labels?: Record<string, string>;\n    target?: string | WidgetResource;\n    prepare?: (name: string) => Promise<void>;\n}			name:string:optional,enabled:boolean:optional,maybe:string | null:optional,tags:string[]:optional,labels:Record<string, string>:optional,target:string | WidgetResource:optional,prepare:(name: string) => Promise<void>:optional			
enum:Contoso.WidgetMode	supported	WidgetMode		export enum WidgetMode {\n    Fast = "Fast",\n    SafeMode = "SafeMode",\n}				Fast=Fast,SafeMode=SafeMode		
exportedValue:WidgetDefaults.Mode	supported	Mode		export const Mode = "Fast" as WidgetMode;		WidgetMode:none			"Fast" as WidgetMode	
exportedValue:WidgetDefaults.Options	supported	Options		export const Options = { name: "default", enabled: true, maybe: null, tags: ["one", "two"], labels: { tier: "test" } } as WidgetOptions;		WidgetOptions:none			{ name: "default", enabled: true, maybe: null, tags: ["one", "two"], labels: { tier: "test" } } as WidgetOptions	
